// Jest Snapshot v1, https://goo.gl/fbAQLP

exports[`should render Header correctly 1`] = `
<div
  className="header header-bar"
  id="header"
>
  <div
    className="header-brand"
  >
    OneTab++
  </div>
  <div>
    <ul
      className="ul-no-bullet"
    >
      <li
        className="header-li"
      >
        <Link
          replace={false}
          to="/home"
        >
          Home
        </Link>
      </li>
      <li
        className="header-li"
      >
        <Link
          replace={false}
          to="/settings"
        >
          Settings
        </Link>
      </li>
    </ul>
  </div>
</div>
`;
