// Jest Snapshot v1, https://goo.gl/fbAQLP

exports[`should render OneTab correctly 1`] = `
<div
  className="grid-container"
  id="grid-container"
>
  <Header />
  <Categories
    handleNameChange={[Function]}
    handleNewCategory={[Function]}
    name=""
    newTabCategory={Array []}
  />
  <Welcome />
  <Route
    component={[Function]}
    path="/category/:categoryName"
  />
  <Route
    path="/settings/"
    render={[Function]}
  />
  <Footer />
</div>
`;
