// Jest Snapshot v1, https://goo.gl/fbAQLP

exports[`should render Settings correctly 1`] = `
<div
  className="main"
  id="settings"
>
  <div
    id="openTabWindow"
  >
    <form
      id="openTabWindow"
    >
      <h4
        className="settings-option"
      >
        When opening tab(s), do so in:
      </h4>
      <div>
        <label
          className="settings-input"
        >
          <input
            checked={false}
            name="windowOptions"
            onChange={[Function]}
            type="radio"
            value="currentWindow"
          />
           Current Window
        </label>
      </div>
      <div>
        <label
          className="settings-input"
        >
          <input
            checked={false}
            name="windowOptions"
            onChange={[Function]}
            type="radio"
            value="newWindow"
          />
           New Window
        </label>
      </div>
    </form>
  </div>
  <div
    id="pinnedTabs"
  >
    <form
      id="pinnedTabs"
    >
      <h4
        className="settings-option"
      >
        Pinned tabs are: 
      </h4>
      <div>
        <label
          className="settings-input"
        >
          <input
            checked={false}
            name="pinnedOptions"
            onChange={[Function]}
            type="radio"
            value="noPinned"
          />
           Not saved
        </label>
      </div>
      <div>
        <label
          className="settings-input"
        >
          <input
            checked={false}
            name="pinnedOptions"
            onChange={[Function]}
            type="radio"
            value="yesPinned"
          />
           Will be saved
        </label>
      </div>
    </form>
  </div>
  <div
    id="autoStartup"
  >
    <form
      id="autoStartup"
    >
      <h4
        className="settings-option"
      >
        Start OneTab++: 
      </h4>
      <div>
        <label
          className="settings-input"
        >
          <input
            checked={false}
            name="pinnedOptions"
            onChange={[Function]}
            type="radio"
            value="autoStartNo"
          />
           I will start it myself
        </label>
      </div>
      <div>
        <label
          className="settings-input"
        >
          <input
            checked={false}
            name="autoOptions"
            onChange={[Function]}
            type="radio"
            value="autoStart"
          />
           Start it when I open my browser
        </label>
      </div>
    </form>
  </div>
  <div
    className="settings-div"
  >
    <div
      className="btn-group  btn-center"
    >
      <button
        className="button settings-btn"
      >
        Save
      </button>
    </div>
  </div>
</div>
`;
